
> myapp@0.1.0 build
> node scripts/build.js

